// Jest Snapshot v1, https://goo.gl/fbAQLP

exports[`<ErrorTemplate /> should renders correct <ErrorTemplate /> 1`] = `
<Title>
  Test title
</Title>
`;
