// Jest Snapshot v1, https://goo.gl/fbAQLP

exports[`<StartTemplate /> should renders correct <StartTemplate /> 1`] = `<WelcomeMessage />`;
