// Jest Snapshot v1, https://goo.gl/fbAQLP

exports[`<ProfileBoardBackButton /> should renders correct <ProfileBoardBackButton /> 1`] = `
<button
  className="absolute top-0 left-0"
  onClick={
    [MockFunction] {
      "calls": Array [
        Array [],
      ],
      "results": Array [
        Object {
          "type": "return",
          "value": undefined,
        },
      ],
    }
  }
>
  <svg
    height="20"
    width="20"
    xmlns="http://www.w3.org/2000/svg"
  >
    <path
      className="fill-primary dark:fill-white"
      d="M19.377 9.44H2.042l5.186-5.166a.622.622 0 10-.881-.881L.18 9.559a.63.63 0 000 .881l6.167 6.167a.622.622 0 10.88-.88l-5.185-5.041h17.335a.623.623 0 000-1.246z"
    />
  </svg>
</button>
`;
