// Jest Snapshot v1, https://goo.gl/fbAQLP

exports[`<SignUpForm /> should renders correct <SignUpForm /> 1`] = `
<BaseForm
  initialValues={
    Object {
      "email": "",
      "firstName": "",
      "lastName": "",
      "login": "",
      "password": "",
      "phone": "",
    }
  }
  textButton="Sign up"
  validate={
    ObjectSchema {
      "_blacklist": ReferenceSet {
        "list": Set {},
        "refs": Map {},
      },
      "_blacklistError": undefined,
      "_excludedEdges": Array [],
      "_nodes": Array [
        "password",
        "phone",
        "lastName",
        "firstName",
        "login",
        "email",
      ],
      "_sortErrors": [Function],
      "_typeError": [Function],
      "_whitelist": ReferenceSet {
        "list": Set {},
        "refs": Map {},
      },
      "_whitelistError": undefined,
      "conditions": Array [],
      "deps": Array [],
      "exclusiveTests": Object {},
      "fields": Object {
        "email": StringSchema {
          "_blacklist": ReferenceSet {
            "list": Set {},
            "refs": Map {},
          },
          "_blacklistError": undefined,
          "_mutate": undefined,
          "_typeError": [Function],
          "_whitelist": ReferenceSet {
            "list": Set {},
            "refs": Map {},
          },
          "_whitelistError": undefined,
          "conditions": Array [],
          "deps": Array [],
          "exclusiveTests": Object {
            "email": false,
            "required": true,
          },
          "spec": Object {
            "abortEarly": true,
            "label": undefined,
            "meta": undefined,
            "nullable": false,
            "presence": "required",
            "recursive": true,
            "strict": false,
            "strip": false,
          },
          "tests": Array [
            [Function],
            [Function],
          ],
          "transforms": Array [
            [Function],
          ],
          "type": "string",
        },
        "firstName": StringSchema {
          "_blacklist": ReferenceSet {
            "list": Set {},
            "refs": Map {},
          },
          "_blacklistError": undefined,
          "_mutate": undefined,
          "_typeError": [Function],
          "_whitelist": ReferenceSet {
            "list": Set {},
            "refs": Map {},
          },
          "_whitelistError": undefined,
          "conditions": Array [],
          "deps": Array [],
          "exclusiveTests": Object {
            "max": true,
            "min": true,
            "required": true,
          },
          "spec": Object {
            "abortEarly": true,
            "label": undefined,
            "meta": undefined,
            "nullable": false,
            "presence": "required",
            "recursive": true,
            "strict": false,
            "strip": false,
          },
          "tests": Array [
            [Function],
            [Function],
            [Function],
          ],
          "transforms": Array [
            [Function],
          ],
          "type": "string",
        },
        "lastName": StringSchema {
          "_blacklist": ReferenceSet {
            "list": Set {},
            "refs": Map {},
          },
          "_blacklistError": undefined,
          "_mutate": undefined,
          "_typeError": [Function],
          "_whitelist": ReferenceSet {
            "list": Set {},
            "refs": Map {},
          },
          "_whitelistError": undefined,
          "conditions": Array [],
          "deps": Array [],
          "exclusiveTests": Object {
            "max": true,
            "min": true,
            "required": true,
          },
          "spec": Object {
            "abortEarly": true,
            "label": undefined,
            "meta": undefined,
            "nullable": false,
            "presence": "required",
            "recursive": true,
            "strict": false,
            "strip": false,
          },
          "tests": Array [
            [Function],
            [Function],
            [Function],
          ],
          "transforms": Array [
            [Function],
          ],
          "type": "string",
        },
        "login": StringSchema {
          "_blacklist": ReferenceSet {
            "list": Set {},
            "refs": Map {},
          },
          "_blacklistError": undefined,
          "_mutate": undefined,
          "_typeError": [Function],
          "_whitelist": ReferenceSet {
            "list": Set {},
            "refs": Map {},
          },
          "_whitelistError": undefined,
          "conditions": Array [],
          "deps": Array [],
          "exclusiveTests": Object {
            "max": true,
            "min": true,
            "required": true,
          },
          "spec": Object {
            "abortEarly": true,
            "label": undefined,
            "meta": undefined,
            "nullable": false,
            "presence": "required",
            "recursive": true,
            "strict": false,
            "strip": false,
          },
          "tests": Array [
            [Function],
            [Function],
            [Function],
          ],
          "transforms": Array [
            [Function],
          ],
          "type": "string",
        },
        "password": StringSchema {
          "_blacklist": ReferenceSet {
            "list": Set {},
            "refs": Map {},
          },
          "_blacklistError": undefined,
          "_mutate": undefined,
          "_typeError": [Function],
          "_whitelist": ReferenceSet {
            "list": Set {},
            "refs": Map {},
          },
          "_whitelistError": undefined,
          "conditions": Array [],
          "deps": Array [],
          "exclusiveTests": Object {
            "min": true,
            "required": true,
          },
          "spec": Object {
            "abortEarly": true,
            "label": undefined,
            "meta": undefined,
            "nullable": false,
            "presence": "required",
            "recursive": true,
            "strict": false,
            "strip": false,
          },
          "tests": Array [
            [Function],
            [Function],
          ],
          "transforms": Array [
            [Function],
          ],
          "type": "string",
        },
        "phone": StringSchema {
          "_blacklist": ReferenceSet {
            "list": Set {},
            "refs": Map {},
          },
          "_blacklistError": undefined,
          "_mutate": undefined,
          "_typeError": [Function],
          "_whitelist": ReferenceSet {
            "list": Set {},
            "refs": Map {},
          },
          "_whitelistError": undefined,
          "conditions": Array [],
          "deps": Array [],
          "exclusiveTests": Object {
            "max": true,
            "min": true,
            "required": true,
          },
          "spec": Object {
            "abortEarly": true,
            "label": undefined,
            "meta": undefined,
            "nullable": false,
            "presence": "required",
            "recursive": true,
            "strict": false,
            "strip": false,
          },
          "tests": Array [
            [Function],
            [Function],
            [Function],
          ],
          "transforms": Array [
            [Function],
          ],
          "type": "string",
        },
      },
      "spec": Object {
        "abortEarly": true,
        "label": undefined,
        "meta": undefined,
        "nullable": false,
        "presence": "optional",
        "recursive": true,
        "strict": false,
        "strip": false,
      },
      "tests": Array [],
      "transforms": Array [
        [Function],
      ],
      "type": "object",
    }
  }
>
  <BaseInput
    name="email"
    placeholder="Email"
    type="email"
  />
  <BaseInput
    name="login"
    placeholder="Login"
    type="text"
  />
  <BaseInput
    name="firstName"
    placeholder="First name"
    type="text"
  />
  <BaseInput
    name="lastName"
    placeholder="Last name"
    type="text"
  />
  <BaseInput
    name="phone"
    placeholder="Phone"
    type="phone"
  />
  <BaseInput
    name="password"
    placeholder="Password"
    type="password"
  />
</BaseForm>
`;
