// Jest Snapshot v1, https://goo.gl/fbAQLP

exports[`<NavigationLink /> should renders correct <NavigationLink /> 1`] = `
<Link
  title="Test title"
  to="/test"
>
  <img
    alt="Test title"
    height="25"
    src="image.jpg"
    width="25"
  />
</Link>
`;
