// Jest Snapshot v1, https://goo.gl/fbAQLP

exports[`<ProfileBoard /> should renders correct <ProfileBoard /> 1`] = `
<div
  className="text-primary dark:text-white"
>
  <List
    className="mb-12"
  >
    <NameValueListItem
      name="Email"
      value="ivan@yandex.ru"
    />
    <NameValueListItem
      name="Login"
      value="IvanIvanov"
    />
    <NameValueListItem
      name="First name"
      value="Ivan"
    />
    <NameValueListItem
      name="Last name"
      value="Ivanov"
    />
    <NameValueListItem
      name="Phone number"
      value="+790000000000"
    />
    <NameValueListItem
      name="Password"
      value="••••••"
    />
  </List>
  <List>
    <ActionsListItem
      name="Log out"
      onClick={[Function]}
    />
  </List>
</div>
`;
