// Jest Snapshot v1, https://goo.gl/fbAQLP

exports[`<FormTopicMessage /> should renders correct <FormTopicMessage /> 1`] = `
<div
  className="text-left border border-primary rounded-2xl p-4 mb-4 last:mb-0 dark:border-white"
>
  <div
    className="mb-4"
  >
    Test body
  </div>
  <div
    className="text-xs"
  >
    Ivan Ivanov
     
    12.02.20
  </div>
</div>
`;
