// Jest Snapshot v1, https://goo.gl/fbAQLP

exports[`<LiderboardTemplate /> should renders correct <LiderboardTemplate /> 1`] = `<Fragment />`;
