// Jest Snapshot v1, https://goo.gl/fbAQLP

exports[`<Pause /> should renders correct <Pause /> 1`] = `
<button
  className="ml-4"
>
  <img
    alt="Back home"
    src={[Function]}
  />
</button>
`;
