// Jest Snapshot v1, https://goo.gl/fbAQLP

exports[`<Popup /> should renders correct <Popup /> 1`] = `
<div
  className="m-auto text-center border-2 border-primary rounded-3xl p-6 bg-white bg-opacity-40 dark:text-white dark:border-white dark:bg-gray dark:bg-opacity-40"
/>
`;
