// Jest Snapshot v1, https://goo.gl/fbAQLP

exports[`<CookiesNotification /> should renders correct <CookiesNotification /> 1`] = `
<ContextConsumer>
  <Component />
</ContextConsumer>
`;
