// Jest Snapshot v1, https://goo.gl/fbAQLP

exports[`<LeaderboardTemplate /> should renders correct <LeaderboardTemplate /> 1`] = `<Fragment />`;
