// Jest Snapshot v1, https://goo.gl/fbAQLP

exports[`<ModalBackdrop /> should renders correct <ModalBackdrop /> 1`] = `
<Portal
  containerInfo={
    <div
      class="fixed z-40 inset-0 overflow-y-auto"
    />
  }
>
  <div
    className="relative z-50 w-full h-full flex"
  >
    Test children
  </div>
  <div
    className="bg-black fixed inset-0 z-auto opacity-50"
  />
</Portal>
`;
