// Jest Snapshot v1, https://goo.gl/fbAQLP

exports[`<Header /> should renders correct <Header /> 1`] = `
<header
  className="p-2 items-center w-full flex"
>
  <div
    className="my-auto"
  >
    <Pause />
  </div>
  <div
    className="flex ml-auto mr-0"
  >
    <Navigation />
    <TumblerTheme />
  </div>
</header>
`;
