// Jest Snapshot v1, https://goo.gl/fbAQLP

exports[`<GamePauseMenuDisplay /> should renders correct <GamePauseMenuDisplay /> 1`] = `
<Fragment>
  <GamePauseMenuModal
    toggleModal={[MockFunction]}
  />
</Fragment>
`;
