// Jest Snapshot v1, https://goo.gl/fbAQLP

exports[`<Title /> should renders correct <Title /> 1`] = `
<h1
  className="text-4xl mb-4 dark:text-white"
>
  test
</h1>
`;
