// Jest Snapshot v1, https://goo.gl/fbAQLP

exports[`<CookiesProvider /> should renders correct <CookiesProvider /> 1`] = `
<ContextProvider
  value={[Function]}
/>
`;
